     +-------------------+ 
     |   Pin    |  Cell  | 
     |----------+--------| 
     | Frst/CIN | pc3d01 | 
     | Frst/PAD | pc3d01 | 
     | Frst/CIN | pc3d01 | 
     +-------------------+ 
     +----------------------+ 
     |     Pin     |  Cell  | 
     |-------------+--------| 
     | Fdonerx/CIN | pc3d01 | 
     | Fdonerx/PAD | pc3d01 | 
     | Fdonerx/CIN | pc3d01 | 
     +----------------------+ 
     +----------------------+ 
     |     Pin     |  Cell  | 
     |-------------+--------| 
     | doutrx1/CIN | pc3d01 | 
     | doutrx1/PAD | pc3d01 | 
     | doutrx1/CIN | pc3d01 | 
     +----------------------+ 
     +----------------------+ 
     |     Pin     |  Cell  | 
     |-------------+--------| 
     | doutrx0/CIN | pc3d01 | 
     | doutrx0/PAD | pc3d01 | 
     | doutrx0/CIN | pc3d01 | 
     +----------------------+ 
     +----------------------+ 
     |     Pin     |  Cell  | 
     |-------------+--------| 
     | doutrx2/CIN | pc3d01 | 
     | doutrx2/PAD | pc3d01 | 
     | doutrx2/CIN | pc3d01 | 
     +----------------------+ 
     +----------------------+ 
     |     Pin     |  Cell  | 
     |-------------+--------| 
     | doutrx3/CIN | pc3d01 | 
     | doutrx3/PAD | pc3d01 | 
     | doutrx3/CIN | pc3d01 | 
     +----------------------+ 
     +----------------------+ 
     |     Pin     |  Cell  | 
     |-------------+--------| 
     | doutrx4/CIN | pc3d01 | 
     | doutrx4/PAD | pc3d01 | 
     | doutrx4/CIN | pc3d01 | 
     +----------------------+ 
     +----------------------+ 
     |     Pin     |  Cell  | 
     |-------------+--------| 
     | doutrx5/CIN | pc3d01 | 
     | doutrx5/PAD | pc3d01 | 
     | doutrx5/CIN | pc3d01 | 
     +----------------------+ 
     +----------------------+ 
     |     Pin     |  Cell  | 
     |-------------+--------| 
     | doutrx6/CIN | pc3d01 | 
     | doutrx6/PAD | pc3d01 | 
     | doutrx6/CIN | pc3d01 | 
     +----------------------+ 
     +----------------------+ 
     |     Pin     |  Cell  | 
     |-------------+--------| 
     | doutrx7/CIN | pc3d01 | 
     | doutrx7/PAD | pc3d01 | 
     | doutrx7/CIN | pc3d01 | 
     +----------------------+ 
     +------------------+ 
     |   Pin   |  Cell  | 
     |---------+--------| 
     | Frx/CIN | pc3d01 | 
     | Frx/PAD | pc3d01 | 
     | Frx/CIN | pc3d01 | 
     +------------------+ 
     +--------------------+ 
     |    Pin    |  Cell  | 
     |-----------+--------| 
     | Fnewd/CIN | pc3d01 | 
     | Fnewd/PAD | pc3d01 | 
     | Fnewd/CIN | pc3d01 | 
     +--------------------+ 
     +---------------------+ 
     |    Pin     |  Cell  | 
     |------------+--------| 
     | dintx0/CIN | pc3d01 | 
     | dintx0/PAD | pc3d01 | 
     | dintx0/CIN | pc3d01 | 
     +---------------------+ 
     +---------------------+ 
     |    Pin     |  Cell  | 
     |------------+--------| 
     | dintx1/CIN | pc3d01 | 
     | dintx1/PAD | pc3d01 | 
     | dintx1/CIN | pc3d01 | 
     +---------------------+ 
     +---------------------+ 
     |    Pin     |  Cell  | 
     |------------+--------| 
     | dintx2/CIN | pc3d01 | 
     | dintx2/PAD | pc3d01 | 
     | dintx2/CIN | pc3d01 | 
     +---------------------+ 
     +---------------------+ 
     |    Pin     |  Cell  | 
     |------------+--------| 
     | dintx3/CIN | pc3d01 | 
     | dintx3/PAD | pc3d01 | 
     | dintx3/CIN | pc3d01 | 
     +---------------------+ 
     +---------------------+ 
     |    Pin     |  Cell  | 
     |------------+--------| 
     | dintx4/CIN | pc3d01 | 
     | dintx4/PAD | pc3d01 | 
     | dintx4/CIN | pc3d01 | 
     +---------------------+ 
     +---------------------+ 
     |    Pin     |  Cell  | 
     |------------+--------| 
     | dintx5/CIN | pc3d01 | 
     | dintx5/PAD | pc3d01 | 
     | dintx5/CIN | pc3d01 | 
     +---------------------+ 
     +---------------------+ 
     |    Pin     |  Cell  | 
     |------------+--------| 
     | dintx6/CIN | pc3d01 | 
     | dintx6/PAD | pc3d01 | 
     | dintx6/CIN | pc3d01 | 
     +---------------------+ 
     +---------------------+ 
     |    Pin     |  Cell  | 
     |------------+--------| 
     | dintx7/CIN | pc3d01 | 
     | dintx7/PAD | pc3d01 | 
     | dintx7/CIN | pc3d01 | 
     +---------------------+ 
     +------------------+ 
     |   Pin   |  Cell  | 
     |---------+--------| 
     | Ftx/CIN | pc3d01 | 
     | Ftx/PAD | pc3d01 | 
     | Ftx/CIN | pc3d01 | 
     +------------------+ 
     +----------------------+ 
     |     Pin     |  Cell  | 
     |-------------+--------| 
     | Fdonetx/PAD | pc3d01 | 
     | Fdonetx/CIN | pc3d01 | 
     | Fdonetx/PAD | pc3d01 | 
     +----------------------+ 
